ressources\indicateurs-loyers-appartements.csv
Impossible de convertir la note de la ville abergement-clemenciat-01001.
Impossible de convertir la note de la ville abergement-de-varey-01002.
Impossible de convertir la note de la ville ambleon-01006.
Impossible de convertir la note de la ville ambutrix-01008.
Impossible de convertir la note de la ville andert-et-condon-01009.
Impossible de convertir la note de la ville apremont-01011.
Impossible de convertir la note de la ville aranc-01012.
Impossible de convertir la note de la ville arandas-01013.
Impossible de convertir la note de la ville argis-01017.
Impossible de convertir la note de la ville armix-01019.
Impossible de convertir la note de la ville ars-sur-formans-01021.
Impossible de convertir la note de la ville asnieres-sur-saone-01023.
Impossible de convertir la note de la ville baneins-01028.
Impossible de convertir la note de la ville beaupont-01029.
Impossible de convertir la note de la ville belleydoux-01035.
Impossible de convertir la note de la ville valromey-sur-seran-01036.
Impossible de convertir la note de la ville benonces-01037.
Impossible de convertir la note de la ville beny-01038.
Impossible de convertir la note de la ville bereziat-01040.
Impossible de convertir la note de la ville bettant-01041.
Impossible de convertir la note de la ville bey-01042.
Impossible de convertir la note de la ville billiat-01044.
Impossible de convertir la note de la ville birieux-01045.
Impossible de convertir la note de la ville biziat-01046.
Impossible de convertir la note de la ville blyes-01047.
Impossible de convertir la note de la ville boissey-01050.
Impossible de convertir la note de la ville bolozon-01051.
Impossible de convertir la note de la ville bouligneux-01052.
Impossible de convertir la note de la ville bourg-saint-christophe-01054.
Cannot found informations for city : 01059
Impossible de convertir la note de la ville brenod-01060.
Impossible de convertir la note de la ville brens-01061.
Impossible de convertir la note de la ville bressolles-01062.
Impossible de convertir la note de la ville brion-01063.
Impossible de convertir la note de la ville briord-01064.
Impossible de convertir la note de la ville buellas-01065.
Impossible de convertir la note de la ville burbanche-01066.
Impossible de convertir la note de la ville ceignes-01067.
Impossible de convertir la note de la ville cerdon-01068.
Impossible de convertir la note de la ville chaley-01076.
Impossible de convertir la note de la ville challes-la-montagne-01077.
Impossible de convertir la note de la ville champagne-en-valromey-01079.
Impossible de convertir la note de la ville champfromier-01081.
Impossible de convertir la note de la ville chanoz-chatenay-01084.
Impossible de convertir la note de la ville chapelle-du-chatelard-01085.
Impossible de convertir la note de la ville charix-01087.
Impossible de convertir la note de la ville charnoz-sur-ain-01088.
Impossible de convertir la note de la ville chateau-gaillard-01089.
Impossible de convertir la note de la ville chatenay-01090.
Cannot found informations for city : 01091
Cannot found informations for city : 01097
Impossible de convertir la note de la ville chazey-sur-ain-01099.
Impossible de convertir la note de la ville cheignieu-la-balme-01100.
Impossible de convertir la note de la ville chevillard-01101.
Impossible de convertir la note de la ville chezery-forens-01104.
Impossible de convertir la note de la ville cize-01106.
Impossible de convertir la note de la ville cleyzieu-01107.
Impossible de convertir la note de la ville collonges-01109.
Impossible de convertir la note de la ville colomieu-01110.
Impossible de convertir la note de la ville conand-01111.
Impossible de convertir la note de la ville condamine-01112.
Impossible de convertir la note de la ville confort-01114.
Impossible de convertir la note de la ville confrancon-01115.
Impossible de convertir la note de la ville contrevoz-01116.
Impossible de convertir la note de la ville conzieu-01117.
Impossible de convertir la note de la ville corbonod-01118.
Impossible de convertir la note de la ville corlier-01121.
Cannot found informations for city : 01122
Impossible de convertir la note de la ville cormoz-01124.
Impossible de convertir la note de la ville corveissiat-01125.
Impossible de convertir la note de la ville courmangoux-01127.
Impossible de convertir la note de la ville courtes-01128.
Impossible de convertir la note de la ville crans-01129.
Impossible de convertir la note de la ville cressin-rochefort-01133.
Impossible de convertir la note de la ville crottet-01134.
Impossible de convertir la note de la ville crozet-01135.
Impossible de convertir la note de la ville cruzilles-les-mepillat-01136.
Impossible de convertir la note de la ville curtafond-01140.
Impossible de convertir la note de la ville cuzieu-01141.
Cannot found informations for city : 01144
Impossible de convertir la note de la ville dompierre-sur-veyle-01145.
Impossible de convertir la note de la ville domsure-01147.
Impossible de convertir la note de la ville dortan-01148.
Impossible de convertir la note de la ville drom-01150.
Impossible de convertir la note de la ville druillat-01151.
Cannot found informations for city : 01154
Impossible de convertir la note de la ville evosges-01155.
Impossible de convertir la note de la ville faramans-01156.
Impossible de convertir la note de la ville farges-01158.
Impossible de convertir la note de la ville flaxieu-01162.
Impossible de convertir la note de la ville genouilleux-01169.
Impossible de convertir la note de la ville geovreisset-01171.
Impossible de convertir la note de la ville giron-01174.
Impossible de convertir la note de la ville gorrevod-01175.
Impossible de convertir la note de la ville grieges-01179.
Impossible de convertir la note de la ville grilly-01180.
Impossible de convertir la note de la ville groissiat-01181.
Impossible de convertir la note de la ville hauteville-01185.
Cannot found informations for city : 01186
Impossible de convertir la note de la ville valromey-01187.
Impossible de convertir la note de la ville injoux-genissiat-01189.
Impossible de convertir la note de la ville innimond-01190.
Impossible de convertir la note de la ville izenave-01191.
Impossible de convertir la note de la ville izieu-01193.
Impossible de convertir la note de la ville jayat-01196.
Impossible de convertir la note de la ville journans-01197.
Impossible de convertir la note de la ville labalme-01200.
Impossible de convertir la note de la ville poizat-lalleyriat-01204.
Cannot found informations for city : 01205
Impossible de convertir la note de la ville lantenay-01206.
Impossible de convertir la note de la ville lapeyrouse-01207.
Impossible de convertir la note de la ville lavours-01208.
Impossible de convertir la note de la ville leaz-01209.
Impossible de convertir la note de la ville lelex-01210.
Impossible de convertir la note de la ville lescheroux-01212.
Impossible de convertir la note de la ville leyssard-01214.
Impossible de convertir la note de la ville surjoux-lhopital-01215.
Impossible de convertir la note de la ville lhuis-01216.
Cannot found informations for city : 01218
Impossible de convertir la note de la ville lompnas-01219.
Cannot found informations for city : 01221
Impossible de convertir la note de la ville lurcy-01225.
Impossible de convertir la note de la ville magnieu-01227.
Impossible de convertir la note de la ville mantenay-montlin-01230.
Impossible de convertir la note de la ville manziat-01231.
Impossible de convertir la note de la ville marboz-01232.
Impossible de convertir la note de la ville marchamp-01233.
Impossible de convertir la note de la ville marignieu-01234.
Impossible de convertir la note de la ville martignat-01237.
Impossible de convertir la note de la ville massieux-01238.
Impossible de convertir la note de la ville meillonnas-01241.
Impossible de convertir la note de la ville merignat-01242.
Impossible de convertir la note de la ville bohas-meyriat-rignat-01245.
Impossible de convertir la note de la ville miserieux-01250.
Impossible de convertir la note de la ville mogneneins-01252.
Impossible de convertir la note de la ville montagnat-01254.
Impossible de convertir la note de la ville montagnieu-01255.
